---
source: oswam-tui/tests/snapshots.rs
expression: draw(&app)
---
"┌ Категории ─────────────────────────┐┌ Описание ──────────────────────────────┐"
"│[x] C ✓ Системный мусор  1.5 MB     ││✓ Safe                                  │"
"│[-] B ▲ Большие данные  8.5 GB      ││Безопасно: регенерируемый кэш,          │"
"│                                    ││приложение пересоздаст.                 │"
"│                                    ││                                        │"
"│           ┌ Удалить выбранное? ──────────────────────────────────┐звозвратно │"
"│           │                  Освободится ~1.5 MB                 │           │"
"│           │                                                      │───────────┘"
"│           │            В Корзину (можно восстановить)            │───────────┐"
"│           │                 Безвозвратно удалить                 │ 1.5 MB    │"
"│           │                                                      │           │"
"│           │       ↑↓ выбор · Enter подтвердить · Esc отмена      │           │"
"│           │                                                      │           │"
"│           └──────────────────────────────────────────────────────┘           │"
"│                                    ││                                        │"
"│                                    ││                                        │"
"│                                    ││                                        │"
"│                                    ││                                        │"
"└────────────────────────────────────┘└────────────────────────────────────────┘"
" Ctrl+P: удалить · Space: выбор · o: группировка · t: тема · ?: справка · q: вых"
