---
source: oswam-tui/tests/snapshots.rs
expression: draw(&app)
---
"                                                                                "
"                                                                                "
"                                                                                "
"        ┌ OSWaM ───────────────────────────────────────────────────────┐        "
"        │                                                              │        "
"        │           OSWaM — безопасная очистка места на macOS          │        "
"        │                                                              │        "
"        │      Найдём кэши, dev-артефакты, Docker, логи и корзину,     │        "
"        │            покажем физически освобождаемое место.            │        "
"        │                                                              │        "
"        │   Без sudo. Для снимков TM и системных кэшей: `sudo oswam`.  │        "
"        │    Снимки — не замена бэкапу; последний снимок не удаляем.   │        "
"        │                                                              │        "
"        │       Enter — просканировать систему    ·    q — выход       │        "
"        │                                                              │        "
"        │                                                              │        "
"        └──────────────────────────────────────────────────────────────┘        "
"                                                                                "
"                                                                                "
"                                                                                "
