---
source: oswam-tui/tests/snapshots.rs
expression: draw(&app)
---
"                                                                                "
"                                                                                "
"                                                                                "
"                                                                                "
"                                                                                "
"                                                                                "
"        ┌ Сканирование… (q — прервать) ────────────────────────────────┐        "
"        │Сканирую ~/Library/Caches/Yarn                                │        "
"        │███████████████████████      6/16                             │        "
"        │Найдено: 9.2 GB                                               │        "
"        │                                                              │        "
"        │                                                              │        "
"        │                                                              │        "
"        └──────────────────────────────────────────────────────────────┘        "
"                                                                                "
"                                                                                "
"                                                                                "
"                                                                                "
"                                                                                "
"                                                                                "
